63:BUILD SUCCESSFUL in 1m
